SEQUENCE: ELDDFLPETEP
SCORE:     score       time  description
REMARK BINARY SILENTFILE
SCORE:     0.000      0.000 1g1sFHC_0001
RES_NUM C:606 C:608-609 C:611-618 1g1sFHC_0001
ANNOTATED_SEQUENCE: E[GLU:NtermProteinFull]LDDFLPETEP[PRO:CtermProteinFull] 1g1sFHC_0001
LvJZaC5luxJ0w1dpQEtQZCdnv0J0HFipQ8nCZC5k45JUepbpQx17XCViB8JUjXbpQwKfZCdoF2JU14tpQXklZCpGPxJkSM1pQcSUYCViBuJkWk1pQQ1QXChUYwJ04l1pQgqZYCNzMpJ0w11pQ7RhaCpFZuJ0NJipQpwNaClYwwJEUNWpQIFObCls9zJU5QepQwKXYC5lOyJUHahpQFDaaCR1Y4JEmuupQIwqYCtHl4J0JxwpQBWZaChAruJEEYypQdo1ZC9mkyJEXP9pQ 1g1sFHC_0001
LwfCaCVMI7JU14ApQVjnaCFDi5JkDt2oQJGsaCZ7czJUy21oQMdbbC989wJ0Mz7oQBWBcC5577JUKc1oQVjvcCZ6m6Jka8qoQf/8bCVj38JkWkhoQmuJeCBW58JEXProQ4PlaCx1D6JkYQHpQLy+ZCFYF7JU2OwoQoa8bCFtIAK0gA2oQ7RpcC9Rh6J0gA8oQO0ycChqR2JUc9poQv0dcCtI77JEqGaoQyL9aCBqG7J0LdhoQnv3bCdRmAKUHaioQ8nqeCBr87JULyjoQzhGeCxKnAK00NsoQNzseCB/J7JEZ7xoQ 1g1sFHC_0001
Lb86ZCxKHxJ0yhuoQjX6ZCltTrJUJGtoQmuBbC125pJ0xLloQ9o4aCNzsqJkQgboQktjYCRgVpJE99ooQgVOYCNcdrJET3doQrcIZCJE4sJkuJYoQDCEXC1NprJEUNboQx1TZCpZGzJU6mpoQ0iEaCFsSpJUO00oQYljYCtd+kJ0isooQHaxXChWkqJ0OfuoQ 1g1sFHC_0001
Ljs1bCFYlfJEaRaoQLHibCFDCaJknvXoQc9YaC1MTaJUepPoQBr8ZC1iMWJU3kLoQlYIbC5P1WJkArhoQ7RRcC9TNWJ0fqpoQlYYdCtzXVJU5QmoQoFBcC9mkWJ0HFzoQCBubCJbngJka8hoQepbcCtd+XJkqxUoQb8SaC99zYJE/ploQCsyaC9S3SJEaRfoQ 1g1sFHC_0001
Lqx7ZCdSMfJkSMNoQy25YCRf/fJE99EoQjXKZC9TtkJ0jC7nQShDZCNzMkJ0OfnnQ8niXC9owgJk8SKoQWOEXCBr8bJEoaQoQLyGXCJE4bJkQgboQlDlWC5OfXJUJGLoQO0qWCBrcXJEtIhoQiBJWCJGETJkDtQoQ35LWCR0CTJknvboQZQQaCx1jiJECsQoQSh7YCltTcJUPKAoQdolXCtcIkJ0MzPoQb8yWC9TthJU2OEoQqGfXClCXfJ0JxfoQIwiWCBAgXJEEYCoQyLtWCpacXJUy2poQ9owVCFYlPJ0IbMoQ781VCZljPJERLgoQ 1g1sFHC_0001
LSMgZCpGPpJEBWCoQW5wZCZkNuJEnE5nQPfPbCd8yvJU5Q5nQ03/bChALuJE/pDoQMd7YC9owyJ0hWBoQjXaXClC3xJksdBoQLyuWCFDi2JUGEHoQLH6WC9oQxJ0HFsnQLymZC9mkpJEaRKoQFueZChWktJEaRonQ67PZCpFZzJEYlJoQ67HZC12Z2JUhr5nQktLXCFXPuJUc9FoQsypVCBW51J0NJHoQOJGXCxe02JU5QPoQyL9WC5lO6JUO0CoQlD1VChrnwJkVOsnQ9oIXC5k40JEnEjnQHaZXC1h2tJU0iknQ 1g1sFHC_0001
LIwqbCRK8yJkQgpnQPKEdCtxr0JEBWpnQT3cdChpb3JUMI+nQGEwcCZlD7J0w1CoQ8SHdCV3k4JkpbWnQsyBcCFCs2J057HnQnE7aCd++0J0MzWnQvXqbCpB8yJkThpnQgqxdCBBWxJ0KHonQ+T9cC1is8J0HFcnQR2GeCZ7c4JkU4OnQUNubCFZ75JEnE9mQoFZcCpFZzJEv09mQMdTaCVNe4JEZ7anQWOUaCtz3xJklDPnQ 1g1sFHC_0001
LCsieCpEj1JET3DoQEtAfCJax3JEAAOoQZ7AgCJGE8JE+TLoQb8WgCZkt7JEtIDoQfUofC98dzJUPKVoQTipeCR2OvJ0gAZoQCsSfC14FrJklDgoQ03PgCxgArJECsgoQT3keCxgAoJEv0koQ5lGfChWkyJ0d+AoQXPKeCtzX5JU3kSoQsyNgCpacxJ0P1QoQjXCgCBBW1J0xLcoQaR2dCRhLxJ0LddoQ4PNeCxJRtJ0HFSoQ 1g1sFHC_0001
LGEEgCVOEAKUJGSoQpbigCFXPCKEUNQoQ78NhC9RhBKET3UoQv0RhC1iM/Jk78aoQ5lSgCR14EKkoFVoQQ1QgClupEKkQggoQBrMfC5PlFKkR2QoQsHlfCxgQAKUIwYoQmulgCBVjCKU0iHoQHvogCFXfGKUiBToQuesgCR0CFKksdjoQ8S3eCNcdHKEEYUoQ2OPfCdTyFKERLIoQ03feCpv/DKUc9SoQ 1g1sFHC_0001
LOJuhCJbHDK0NJSoQKcZiCdSsCKUJGWoQ0igiCVjHEK0JxgoQhrLiCJEIGK0gAjoQRL6iCxfqDKET3NoQIF6iCBqGCKUHaDoQhAbjC14FDKUwK3nQO0ujCBBGFKESh7nQiWgjCBB2BKUO0mnQnErhCdSsEKE7RNoQUNeiCFsiAKEVjXoQGE0iC9owFKk++LoQXPajCpbiDKU5QRoQfUAjCZQAAKUMIFoQpbaiCBAQCKEYl/nQ 1g1sFHC_0001
Lpw9iCFYFDKkTinoQwKHjC5PVEK025xoQlDVjCFXPHKUzMxoQnE7jCBB2HKkX6xoQR26iCx09IKka8voQShrjCV3kCKkSM2oQrckjC9S3/Jk++woQ++VjCxKnAKEv0loQEg9iClkGDKU3bnoQtdqiClDdEKUf/2oQ8nKkC98dDKEtI0oQ46pjChVeCK0d++oQOJCkCZQg9J0HFxoQoaMjCBVj9J0Ld1oQLHyjCRh7AKECsgoQ++BjCls99JUhrioQ 1g1sFHC_0001
SCORE:     0.000      0.000 1gjaFHA_0001
RES_NUM A:5-17 1gjaFHA_0001
ANNOTATED_SEQUENCE: P[PRO:NtermProteinFull]PEELKFQCGQKT[THR:CtermProteinFull] 1gjaFHA_0001
L7RhDCtz3RE8KHKOwmZGCC56RLEsZmpOwO0yBCJFu2DMmuZMwGEgCCpw13DMShbKwFDSBCV46fEcIwaOwU4CCCNzMtEs78dMwDXfDChU4oE857HNwXPdDCZvnSE8nrGOwx1jDCRhrhEsX62NwlDFECpEDOEsnvvPwam5BC1isDEMnETQwKxQACFXPcE8d+uNwPKMBCBVjnEMueMQwRLyBC57noEMXPaKwmuxBC5QL+E8bSsMwUNGECVjXqEczMTLwyL1DClYQ0EMXPqOw 1gjaFHA_0001
LqxzAC557bDMDCsMwZ7cACtxL9CcO0iKwhrPACh/UPD8FZbHwBrM/BJxgwDczMzGwFDS+BpvfqCs8SnLw6mk+B5P1sCcf/kOwSh7/BBqGXD8hWEPwRK0ACtJDcDM6QrMw2jSBCBVjnCsBBGKwT3k8Bx0N9C8Ib3Kw7RB+BhWkJCMrc4KwmZm8BJFuqCMCsiPwMIw/BZQgRC8w1TPwwfa+BR0iwD8xLNPwGZjAC99TVDsWkdQw 1gjaFHA_0001
LJb3ACViB5CMqGvDwWO0ACluJFDcy257v1N5+BRKcVDsvfq3vc94+BFue0DMueUovwKPBCdR2eCsSMIyvJGUBCVMIoCs9ow1PoacCC5luFDcbnv5P8SXDC56RJDM+TNuPEtYCC5P1YD8hWEBQLHaBCVO0eCsYQgEwCsiBCBVjfDMsyh7vv0NCCFYlTCM99T3v++hAClDtECsArc0v0icBCpEDKCMXPK7P03XACFXP2C8isd5P 1gjaFHA_0001
LqGv8BBrcADsYQg6vgV+5BxLdPDsuJx2vIwa5Btd++DM/pG6vdTC4BJbnJEs789vvzh23BZktzC83P18ve++0Bpa8+CMpw15vjs9yB1ishC8FZ7+v9owzBViBFCc46RCwhrnwBJGEoCcIwK9vZQw8B56RlCcbnv+vwf65BNzMLDsVO0iPepL4BFXPSCMRLy6vCsC4BB/p2CcbnvCwHvk0BZktfDsBBW8vgqx0BNHa9C8KHahv 1gjaFHA_0001
LZ7c6BZ5QHEcKcdBwQ145B989dE84lODwx1T7BpvfuE8isd/vkC36BpZmBFcHaRAwMIw6Bh/UhE8fqhIw78N5BdSMUEMVjnKwKcd6B1isXEs8SXNwpbS2BJFuaEsmZmKw++p7BtHF+D8KH6DwyLt3B5lufE8P14CwwK38B56RdE8xLtIwlYg6B5QLyEMsyBJw3kY5Bx0NDEsoFJKwuzX5BVjXOEMaR2Owb8i8BZ6mSEsrHVNw/pW6BZ6moEMrc4NwBrM1BJEYREsQgFMwhrH2BRhrrEcf/ELwcSc1BhqxXE857nIw 1gjaFHA_0001
LW5A9BZlDnEsYQg4vMdT+BZPK2EslDtgvdoV8BluJ9EMT3k2PZQw8B125NFs7897PlYYACFXPsE8isdwPwfiBCpw1nEsYQgtv99rCCFCscEcGEYpPcS0DC99TXEslDtyvMI4EChVOKEsCXPKvCsi9B1isXEsoFZ3vv09+B5kYEF8coFzv5lGACFtIdE8d++3PbnvACdR22EM7Rh6Pam5BClX62E8KHa1v0iMBCdnvdE8FZ75vNzUCCZ78NEsEDC0PHvEDC9mEnEMrco4PQ1QECFDCmEsBBW4vIwaDChpbOEMmuJ8vFumFCRf/GE81jCzvzheECpGv4DMnEDqPvJRFCZmZSEsSMI0P 1gjaFHA_0001
LO0S6B9S3wEc5QL5P3kY4BlYQ4E8HFuAQJb32B1NJKF8hWk7PEt41BlsdGFMtIbrPAAg2Bx1jmEcc9oCQ9og0BNy2tE8kYwGQueU1Bx1jyEMv09JQf/0xBJGEwE8isdFQPffzB56R5EcwK3LQnv/vBNIw2E857nIQsH1wBJEY7E8bSMLQrc45BFZ7iE8MzMzPmuZ5BViB9EcepbEQ8nq3BdTiZE8yhWEQNeZ1BxKHgEc2Of+PtIb3BhU4wE8z3fKQIwKxB9nasE8KHaBQy2J0BlX68E8P14NQoF5tBZmZ4EMpwFIQQ1YvBhArAFsqxrMQ 1gjaFHA_0001
LZQw2B57ncFMXPKAQaRW1BFsyvF8eU47PIFO0Bpw13FsDtIDQSMo1BBBWBGciBBGQwfK3BtHFAGcMIw0PRLi4BNy23Fc14luvpwl2BFue0Fcktz8vRLy0BJFuAGsmZm+vNz82BRf/iFMpwVBwVjn3BpFZfFslDtDQam5zBxgAtFczMzyPXkt4BRhrCGMoa87P03/1BBqGHG8yhWwPR2e5BV3koFs++pmvdTC6BZktBGc3kY0v5lu1BV46fFsU4aEwPKc4BlX6YFssdeAw 1gjaFHA_0001
LYlzxB1NJyFc46REQCsiwB1jC5FcPKsIQFuewBdTiIGcdTCJQFuOvBdoFOGsAr8GQhArtBJFuwF8573IQUN+rBNy23FcPK8LQampwB9mEpFcep7BQ/UzxBtHFyFsuJRKQhArtBh/UfFcKctIQlYgsBtd+2FcjXaGQc9IsBBrcGG8NJmLQ 1gjaFHA_0001
LkC3xBZPKMGcktDLQ03/xBhU4XGsYQgLQDXP0Bpa8dGcGEIKQBrc0B5OfnGMsyhKQkC3yBB/pHGstzXMQNzMyB5OfZGsDtoNQEtIwBV3kbGsmZ2KQ 1gjaFHA_0001
L3k41Bpw1YGsVOkIQmZG4BJGEfGMFueGQjsd6BhrHiGc6mEJQXPq7Bh/UbG8NJWKQ0iM5BJFuYGMv0tBQUNe7BhVOeG8w1j9PWOk6Bx0NoGcPKc3P5lu4Btz3nGMmuJhP/p27B9TNxG8coF6PWO01BxgARGcy2JIQLyG3BJxgmG8z3PFQ14l3BJaRXGslDt9PjX65BNc9QG8coFDQYlT8BFCsYG8KHa3PMIA9BpvfgG8gArBQCBW7BJGE4Gssd+0P4PV9BVMIxGMUNe/P 1gjaFHA_0001
LmZG7B13PsGMnETJQrcY9BxJxvGs789KQoF5/B9RhtG8GvEJQ8n6/BBW5wGs/UjFQy2J9B9Rh7GMCsyLQJbX/BlCX/GMmupNQtI7+BV46KHcbnfOQ0ikACFsyOHsU4KQQbnXACBqGaH8islQQVjH6BtxLyG8P1YIQEto9BhArrGMBW5MQnvP7B5P18GcO0yMQqxL9Bx1jAH8JxAKQ7RpACJFu+Gcc9oMQwfa/Bh/U6GcepbPQKxA9BJbnLHMsyhPQuz3+BxgAQHcgVuMQ46hBCFtIOHc6mUPQzhmACxJxJH8w1DRQ03HBClCXcH8GvMRQ5l++BhqxaHslDFRQR2WAC9S3eHsa8iPQ 1gjaFHA_0001
L997ACJFunGMW5AKQFDKCCNzMlGslDdIQQ1QDCdTiqG8IbHKQvJBECV46kGsqxbLQSMYDCNJG0GsX6GKQFDaCCVMIZG8jCHIQGZTBCJEYUG825bFQ35rDCtxLXGc6mEFQDC8ACFYlkGM/p2LQktLCCdoFoGcMIwEQhrfCCJEYVGMueEKQIFuACpa8QGcKc9HQUN2DCZ6mOGsSMoEQy2hEClDtaGslDNHQmZmDCdR2aGsDtIBQ 1gjaFHA_0001
SCORE:     0.000      0.000 1b0nFHB_0001
RES_NUM B:9-39 1b0nFHB_0001
ANNOTATED_SEQUENCE: F[PHE:NtermProteinFull]ELDQEWVELMVEAKEANISPEEIRKYLLLN[ASN:CtermProteinFull] 1b0nFHB_0001
LJGUoBxJxdH01jIhQsH1pBpa8mH01jShQue0nBNzMvHE/pahQZQwlBNzMwHEsyPhQPfvrBhVOsHk9oChQEYFuBh/UlHU3k8gQDX/tBFZ7eHksdqgQrcYwBx0NlH0d+IhQoFJwBFYlYHET3kgQpbiyBR14eH0IbDhQ8nayBx1jYHEBWxgQY6mpBd8SYH0xLDhQJbHnBRKcaHkQgThQXkNnB5OfgHUjX8gQR2+qBRhrkHkR2ghQLHqqBJaRuH0HF0gQ9ogsBd9ozH0IbJhQcSMsBZ78eHU3kggQ5lewB9TNqHU5QXhQCsCwB14lTH04lWgQEYV0Btz3eHE+TNhQwKH0BBVjTHUc9sgQ 1b0nFHB_0001
LTiRoBVO00HksdshQY6WmB9898H057zhQZ7MmBd9IDI0KHkhQWOUoB13PFIk8SfhQNeJnBhWkAIUGEKiQ35LlBZljEIUhrTiQqG/lBR1YGIUhrpiQ7RBoBVMoEIkCXxiQx1jkBBVjJIUO0yiQc94pB557zHEmu1hQ5QbkB1Mz4HUwK1hQ4PVnBRKc6HEtIViQaRGpBxggCIEtIJiQ/UDlBtyBIIUzMJiQjsNjBZktCIErcUiQ 1b0nFHB_0001
LzMzjBxfqEIEnEdhQNzsjB1NJJI025NhQIwaiBVMIOI0FZXhQ99zgBJwqNIEuemhQamJiB5OfHIkqx5gQlYQjBJbnCIEpwtgQ5QbhB56RBI0jCbgQ4PFmB1MzDI0KHmgQb8CiBdTCDIEtIhhQKxwlBtcIKIE7RJhQOJGgBNJmGIUdT+gQfUIiBdR2KIkArugQpbSjBh/U+Hkpb4gQKcNiBtco7HkvfSgQLy2eBJEYAIUf/ggQf/UhBFCsEIkSMQgQhr3mBRgVAIEYldgQMdDmBdnPHI0IbbgQLyWnBJwqEI0w1zgQ 1b0nFHB_0001
LZQQjBxe0SI0fqPhQf/EiBd8yXIEBWXhQ/UjeBZ6GYIkVOOhQdoldBpacZI0Ld7gQhA7jBBAgcI0hWQhQwf6iBR14hIUepXhQIwagBluJiIEEYbhQBrckBlC3lIEBWZhQGZrkBNIQTI01jEhQhA7hBxgAYIET3ohQhA7lBR14bIkR2WhQ14FkBR0icIUc9+gQ 1b0nFHB_0001
L78daBJaxWIk/UbhQKc9UBFsyWIktzThQEtoSBJFOcIEoaOhQ357OBJxgcI00NBhQoFZRB57HUIU6mkhQjXaSB5QLOI0OfnhQf/URBJxALI03PThQbnPNB1MzLIU6mIhQe++UBNHaHIEsyNhQ8n6aB9TtVIk9oqhQtd+UBZPqUIEoaEhQFu+RBhWEWIkED0hQlDNNB1NpUIkSMghQdolWBdolNIk78rhQzMzPBxfqMIUGE0hQe+eUB1iMFI04lAhQqGPYBZm5GIkU4WhQ 1b0nFHB_0001
LdolUBNHagI0JxYhQWO0SBtz3lI0xLThQCB2UBRhLnIkvf8gQBr8RBBAgpIUepvgQjX6UBFu+pIk8SjhQtIbSBhWkpI0Ld5hQ1NpUBNJmtIka8IiQbnPYBNcdwI0jCDiQDXvSB99ztIECsaiQgqRXB9TNgI04lkhQtIbOBZ6GmIUKcThQ5lOZB9RhpI0jClhQIwKUBZQAuIE7RdhQhrHOBxfKqIUJG4hQ/pGTBZljlIUhr/hQ 1b0nFHB_0001
LCsyZB14llIktz3gQBW5bBJvUmIEsyhgQXktYBVN+iIUdTSgQgVuXBFtokIktz/fQmu5gBxJxkIUjXggQ9oAiBdTClI0KHKgQJbXjBpZGhIU5Q/fQY62hBBAgpIULy2fQiWEkBd8yiI0gAXfQXPKjBtI7nIE7RRfQ2OvgB57nuI00N5fQrcYjBFsSrIEUNueQ+T9gBBAAyI0HFWfQnvPiBtzXwIkTixeQueUcBR14jIUPKChQFuebBhWkqI0IbdgQsHFiB9nanI0yhqgQ8nKhB9TtgIUgVmgQT30jBRhLdIkYQGgQpwFlBVMogI0xLBfQ8nafBhp7vIklDLgQNeZkBV3EqIEZ7QeQEYFgBd++1IkYQYfQrcYiB57HzI01jWeQ 1b0nFHB_0001
LqxLXBVN+dIksdYgQ46xTBpw1aIERLKgQc9oOBx0tdI0GvEgQGE4MBRffdIEDCkfQamZSB9naVIkvfUgQwKHOBBVjSIEYlHgQ8naXBBAASIEXPWgQlDNYBdSMcIkSMmgQdTCWB5lOaI0yh2fQW5wQBJbHWIEoakgQqxLNB5luOIkrHPgQKxgKBZQAVI0jCHgQYljPBNy2RIUIwufQjXaWBhALOIkWkdgQJGEZBVOURIUgVGgQVjXaBZlDUIUJGggQ 1b0nFHB_0001
LGZ7LBJxAgIUc9UgQsyBHBR0CjIkU4QgQqxLIB5k4nI0eUCgQPf/EBJbnpI0ispfQnEjEB9n6kIk++lgQShLCBBrcgIkTizgQfU4/ANHaiIkpbIhQdolABR0CnI0xLNhQ1NJ7AZ5QfI0fqThQiBBNBVO0fIUgVkgQ5lOEB9oQgIkuJJgQ6mkHBZ78mIEVjvgQGEYBBFsynIECsigQPf/9ABAgeI0yhqgQHaRFBd+edIECs2gQ 1b0nFHB_0001
LlYwMBBrcqI0z3FgQmuJOBpv/uIkX6ufQNeJPBVMItIEZ7AfQrcIOBBAAwIUiBheQktTTB5QrxIUGEAgQzMTSBNzs0IkoFVgQnEjXBhAr2IkX6egQamZOB5PV5IkCXRgQQ1YPBJbnpIUKcRgQvJxKB99zxIksdufQWOUWB14luIE8nCgQMdzUBpac0IE99nfQUNeQBV46xIU3kggQXktWBd8y4IEpwtgQEtIaBZ5QzIEXPigQO0iZBlCX5IknvTgQv0tNB55b7I0kYggQdoFQB14F8I0fqFgQJbnKBxJx3IEEYLgQ 1b0nFHB_0001
LCsSRBpwVoIEYl7eQPf/RBJFOmIUhrPeQc9oMBtd+kIUwK7dQMIwLBh/0lIUf/UdQnvfVBx0NhIUGEQeQfUYbBxJRiIEEYZeQTihfBtdecIUJGQeQrcodB5PVYI0eU8eQsyhSB557lIUzMTfQ2jCUB1MTpIU6m8dQiBBUB55beIUMIoeQqGPVBx0NfIkrHxdQMdzcBlBhlIkoFFeQCB2bBd+ejIE/p6eQ8S3fBdolUI0gA7eQTiheBBWZaIEXPafQkCXZB5OfXIE8n6eQ 1b0nFHB_0001
LCsyIBhWEjIEv0VeQepbDBZkNiIk9oEeQzhWBBRhrnIUO02dQdoF9AxL9nIEEYVdQVjX/A9TtfIEUNmeQfU4zAtxrfI0HFWeQsyhBBx1DaI0GvweQCsSJBhALiI0Jx0eQO0iDBlXafIkQgpdQdTi/ANeJiIEqGDfQDCsuAZm5dIEUNueQ99TxA56xjI0w1PeQoFZzAlCXdIkAr4dQIFu9AVOUYIUxgIfQjsdBBVMoXIktzTeQEYlFBFCMaIUNe9eQ 1b0nFHB_0001
LsyBCBxe0rIU0iQeQIFOABZPKxIkU4CeQW5QDB9TNzIUO0adQFu+ABxgA2I0Ib/cQ3k4ABluJ1IUbnneQIwK6A9oQ0IUiBNfQ8S37AhAL4IEW5wfQmupBBFXP7I0yhufQXkt1ANJG4IkCXHgQXktDBZPqrIkTiteQPf/3Ad8ywIEBW5dQKc9EBpa80I0z3zeQ03PABNzM5IknvbeQKc9xAhrn0I0coBfQW5Q7A9TNwIkoFZfQ 1b0nFHB_0001
L35bIBR0CyIUO0WdQdTiLBB/pzI0P1wcQ03PJBRf/wIEW5IcQ9owIBR2OzIEv0lbQQgVRB1h2xIUdT2cQO0iKB1jCwI0JxsdQHvULBFDC4IEBWtcQmupTBFDCzIUdTacQFDCTBx0tzIUIwSdQ78dRB9RhtIEpw5cQ 1b0nFHB_0001
LgVuHBFZ7rIkU4OcQiBBFBxgApI025rbQGEY/AhUYrI0d+ebQgVO9AFuesI0Mz4aQqxLEBluJjIEue4bQb8SJBBB2fIUy25bQShLIBd9IaI0bSIcQb8SNBNy2WIksdKcQvJRMB56RRIUc9YcQ9oQIBdR2pIUy2pcQSMoHB9SXpIUktPbQf/UCBZ78iIEDCYcQKcdBB9oQhIUy2hbQ/pGLB13vfI0KHabQ67HMB5QrhIE99PcQWOUGBNzMaI0z3ncQGZbFBdnPYIU14xbQ++JPBpGvWI0d+qbQdoFQBFXvYIU6mgcQlYwPBFXPPIk++ZcQwKnKBBBWRIkpb2cQbnvJB98dPI0eUEcQ 1b0nFHB_0001
LPKc4AFYlsIUdT+bQgVOuAtxLvI0Jx0bQiWkvAlC30IkSMkbQJGEpApEj2I03PJbQmuJnA9oQvI0GvccQXPKjA56xpIUIwqcQwKHYA9RBqIkQgRdQEYlVARLSuIka8idQ9owPA557lI0isddQDCs5AJv0rIEBWdcQkCXqAVj3sIEtIbbQT3krAZQAxIk/U3cQqxLgARLyxI0d+WcQPKcdA989nIErcQcQTiBqAFXPnI0coxcQ 1b0nFHB_0001
LNep3ARf/3IUMIwbQkCX5AZ7c9IkYQgbQqxLAB12Z9Ik/U3aQQ14BBZPqBJ0kYoaQ7Rh/AR14AJ0z3/bQ+TN9Axe02IkuJFcQMdTxAhWE/IkvfabQpbSAB5k4EJE/pybQ6mE7A1NJBJEsydcQXPqDBpZG/IU14FcQ 1b0nFHB_0001
LsHlBBdnv4IknvnaQYlDFBpED4IE8nCaQx1jKBBAg6IUy2FaQShrMBJwq8IERLmZQgqRCBJFO6IEqGbZQUNe6AZkN3IUxgQZQNzM6AhqRyIEaRSZQ5QLyANJG6IkTiFZQCBWABRLS1I0kY0aQPK8FBlYwzIknv/ZQpbSBBtIb+IEAAgZQe++EBRf/5Iktz/YQlYQrA99T4IERL+YQMIwyAFYF+IU0iEZQ 1b0nFHB_0001
L+TNNBhVO6IEtIraQ/UjSBdol8I0IbvaQzhWWBJGk4IUy2ZaQf/0VBpbyzI0fqlaQrcIUBpEj9IkpbebQktTQBBVjBJk/UzbQGE4ZB9Rh/IEBWhbQdoFRBFtICJEnEjcQzMzLBlsd4IkWkFbQ5QrSBdolAJ0GvgaQHaxTBxe05IkYQwbQf/0QBVNeFJkArkbQDCMMB99TAJkZmtbQtI7aBRhLAJUIwCcQnEjcBdTi8IUbnTbQHaRaBZ5QDJUktPbQR2OOBdTCFJEYlvcQoacQB56R+I01jycQc9IVBxggDJkWkpcQ 1b0nFHB_0001
LQg1ZBd8S6I0bS8ZQFDCdBFDC2IUGEoZQmZmgBhp7zI0gAHaQT3khBtI72I04liaQlYwfBFYF4I057/YQ/p2hBNy27IkBBKZQUNeaBJGE+IULyyZQzhWaBNIwyI04leZQTixgBdnv0IEFuuYQCsycBBW55IkX6qYQ46BhB1MT/I04lGZQ 1b0nFHB_0001
LOJmhB57HvI0d++ZQTixjBNy2sI0LdXaQ78NmB9RhwIU6mYaQ46hnBJFuwI0co5aQLyWkBlupnIU5Q/ZQv0thBJGEmIkrHtZQ35bgBxJRrIUMIgZQ44lhBxwGvIE92+ZQPfPjBhVOsI00N5aQSM4lBlCXoIkvfmZQShLlBNepkIEBWVaQAAAiBxeUjIk++RZQ2jigB5k4jI03PFaQMIAhBR2OsI0gA/YQAAgcBhp7qIEtIjZQ 1b0nFHB_0001
LXP6mBZ6mzIkvf2ZQNeJpBRKc3IERL6ZQMIgoBx0N8IEv0VaQQ1IqB13P+I0HFuaQDX/pBV4a5IEv0NZQTiRrBxfK1I0isxYQKxwtBVO0yIkoFFZQkCXvBltz1IUKcVZQWOEuBViBuIEVjDZQlYAmBVihzIk++ZZQW5wqBBqG1IklDJaQ03PoBtd+6IUc98YQjXarB1is8I03PRZQEY1pBls9xI0eUsYQW5wrBtI72IUO0SYQ 1b0nFHB_0001
LAAAmBFYF+IEsyVaQmuJlBxJRCJEVjzaQ4PFlBhrHAJ0cohbQIFulBViBDJUkt/bQamZiBFZbEJkU4maQSMYiBxfqHJ0co9ZQNzMfBRf/IJE8nuZQCsybBtHlFJUc9wZQkCXeBFZbNJ0MzgZQWOkkBd8y8IkEDCaQwKnmBZljFJ0KHyaQxgAhBBqGBJ0jCjaQrcohBVN+GJEoaAbQgVejBtzXLJULyCaQLHajB12ZFJ0P1kZQ 1b0nFHB_0001
Ly2ZkBFu+6IEFumbQ/UjkBJxg4IEpwRcQ++ZnB99T4IEXPicQZQAoBR2u5IkR2GdQ1NZjBltzyIkTiRcQ67XgBxL9yIkTiJcQKxAkBd++vI0Of7cQQgVeBR0itIEDCAcQFDyjBBVj4Ik8SPbQlDdjBJxA7I0MzocQgqRkB1jiwIk8S3bQDXveBxKn0IkQglcQBW5fBNJm1I04lubQGZLjBxL9rIULy6cQU4KmBlYwvI0z3/cQSMIjBZkNyIU46VdQnEDaBtd+tIEFu6bQaRGgBtz3rI0LdjbQiBBfBJE4qI0jCbcQ 1b0nFHB_0001
LAAQpBZ5w2I0KHGcQwKHsBdTC3I0xLRcQjX6sBNIw8IEDCccQJbXuBFsS9IESh7cQpw1tBlBB1IUxgsbQQg1wBlYQ1Ik9o0bQfUYyBBr8yIEueQbQgV+xBhp71IklDpaQ78NzBBVj6IU5QfaQ3570BZPq8IEaR6aQXktyBls98Ikvf6ZQ/p2oBtzX1I0MzobQOJWsBJEY0IUc9scQf/UtBJE4wIkQglbQ5QbtBNyW3I0w1PbQBrcxBNHa5I0Jx4bQJGUxBBAAzIkQgRcQZQg0B9RBzIUJGYbQnvvxB5P1uIEnELbQ8nqwBhpb0I0LdTaQHvU1Bxe06IUjXWbQhr31B57HAJkX6yaQoFZxBpwV7IEmulZQ1NpzBtIbAJUwKzZQ 1b0nFHB_0001
LnEDsBFCsAJ0gADcQ7RxsBFsSGJUhrPcQ1NprBlDtHJkCX7cQ0i8sB5OfKJE+TVdQiBxrBpwVKJECsubQDXPtBhALKJUGEEbQ6mEsBRhLOJUxgkaQZQgtB557NJkZm5ZQY6WsB56xRJEUNaZQ+T9qB56RAJ0kYobQlD9uBFtoGJ01jScQamppBFtoJJ0kYobQlD9rBtzXOJEYl7bQOJWvBpZGLJkuJJbQ14FtBhALGJkpb2aQlD9pBJvUNJUepfaQKxQsB9TNSJkQgxaQJbnvBNy2OJ0KH+ZQaRWtBNH6JJUxgsZQkCXtBpvfRJEXP+YQLHaqBV46QJE+TVZQsyhsB1jiVJEmulZQ 1b0nFHB_0001
LKcNpB1jCGJEmuFdQx1DoBtz3GJ0kYwdQ4P1pBBBWEJUIwSeQtIrqB5k4GJkBByeQtdOlBFYlEJUIwydQb8CkBxKnEJk/UfeQ2jyiBJwKJJEFuueQUNOkBtHFAJ0Jx4eQXkthB1iMJJ0IbXfQ1NJjBZ6GAJkQghfQ1N5hBd9oEJ0MzwfQ6m0gBJwqEJkArMgQnv/nBJbHEJUKcxcQtd+nBlDNLJUgV2dQLH6jB5k4GJU14ddQe+OlBVNeAJEtIndQmupiB5luMJECsaeQKcNlBBAg8IkDtseQtdugBhqxMJEShjfQRLSjBpEj8IkTi1fQHvEiBlYQGJkpbWgQ 1b0nFHB_0001
LaRmqB13P/IET3MeQ46RsBxKn8IE+TteQqG/uB9SX/IkEDyeQQ1IwBlYQ/IkArUfQXktsBx0t2IkZmheQ2OPqBxKHzI0xLleQ3k4qBpZmtIU2OTeQuzXpBNIwyIkqxTfQJbHqBRf/8IEYlzdQNeJrBJE48I0IbLfQ5QbtBBAg2I0GvAeQAAQuB9mE1Ikvf2eQJbnoBFsy0I0NJSeQSMIpB1jCrIEpwVeQKcdrB989tI0isxdQgqhsBBB2rIE+TleQ8SnnBdSMwIUdTWfQPf/qBhWExIUO0mfQQ14oBFXv2IUbnffQ 1b0nFHB_0001
L/UDwBFueBJka8OeQHahyBJwqEJEFuSeQmZGyB5k4JJU5QreQVj3zB9mkLJka8CfQSMozBBr8FJ0KHmdQjst0BZPKBJ0JxMdQfUY1BlX6CJkCXfcQU4K3BFZ7+IU5QjdQiWUvBpZGBJEBWxdQ5l+zBNIQCJkArkeQCsCyBxJxHJUwKTdQbnP1Bpw1IJUHapdQepLzBJGE+IUO0KdQmuJ2BJxg/IEEYNcQsHlzBV4aEJktzPcQQ142Bx1DGJ0eUgcQcS83B9Rh7IE7RRdQlDt4BlBBCJ00NldQSMo2Bd9o9I0LdDeQ 1b0nFHB_0001
LMdzvBpvfMJ04lmeQLHKvBNHaRJE+T9eQ6mktBh/0QJE/pmfQdTStBlX6UJE+T9fQOJmtBNJGVJ0jCfeQT3EvBNdzWJUdT2dQXkNtBpZGaJEUNadQx1jxBd++ZJUjXCeQmZWuB9oQLJka8SeQ99DxB1NJTJUPKIfQvJxrBJGETJEBWVeQnEDtBZktYJErcweQwfqvBZ5QTJkVOkdQW5QuBVOUbJ03P9cQgVerBlDtXJkWkRdQJGksB1NpdJUeprdQwKnyBNzMbJEEYldQgV+wBFDidJ0kYUeQuz3yBJxgXJk78VeQ 1b0nFHB_0001
LFDisBVMIMJECsyfQU46qBx0tLJkDtMgQZQwqBxfKGJ0MzWgQEt4oBJbnFJ0hWkgQiWUsBlYwCJUhrRgQVjHoB13vNJUGEIgQy2ZmBJxAOJEsybgQ++5kBZ5QKJU6mggQ14lmBVjXSJE+TngQHaxsB1isIJECsifQnv/rB5lOOJUdTYgQe+OoB5luRJUf/AgQLHKnBtcILJ0P14fQ03flBZ5wSJU6m0gQsH1nBd8SVJUO0igQ 1b0nFHB_0001
SCORE:     0.000      0.000 1amtFHA_0001
RES_NUM A:3 A:5 A:7-8 A:10 A:12-13 A:15-16 A:19-20 1amtFHA_0001
ANNOTATED_SEQUENCE: P[PRO:NtermProteinFull]AAQVGLPVEQ[GLN:CtermProteinFull] 1amtFHA_0001
LEtIOCtcol+jR2OHwIF+MCdnvf7DCsyIwlDFMCR14l4LDCMFwYlbLCNIwK+7eUYGweprNCZlDt8b14VKwJb/OCZktT9b0i8IwjXaPC13PV8zhWUIwAfIOCpTPe+TTmSHwKxAPCdSMo9TPKMIw99DOClX6OAUdTSIwY6OMClYQA+zHF+Jwf/ENCpbSM/LnETKwCsyNCJwKH7rlDdMwuz3OCNc94+LRLSGwEYtPChArs+rnvPKwgVGQC989T8T0iMFwNe5PCxLdD+z3PFKw 1amtFHA_0001
LU4aJClsd+9DtIb/v2OnICVNeRA0xLdAwO0iIC5QLqAktzXGwDCkHCJFuWB0NJmHwZQIJCtHFWBkmZm5vU4CKC13PF+zbSM5vWOkHCJwKHAEsyh+vU4iICZPKIC04lu6v8nCJCNc9AB0w1jivtILKCpa8iBUepb7v 1amtFHA_0001
LU46HCluJR9TepbMwKxoHCdTih8bLyGNwmZuGC1jCX+b46BLwwKvFCFCsy/bhr3LwlYAJC5lup+LT3UNwQ14ICtIbH+TJGkMwDXHHClDtI9ruJBPwqG3IClYQYAM99zNw78lJCpZmZ9LBW5OwLHiJCtd+e+7FZbLw 1amtFHA_0001
LaR+GCFXPq9LAAgIw67/FCxKH6+LFu+Ew46xECV3kY8bwKnEwNepDCNIwa+rArcFwfUoGCBrcI/Lpw1+vDC0HCViBhAMW5Q+vMdbHCFue8Bs78dAwXkdGCFYlPCMEYl8vx1LICtHFSC8hWEEwhrvHCdSMI77hWkHwTipFCZ6mcAs9oQGw789GCRf/U8rR2O8vfU4FCNJG0/rSMI5v0ikIChVOMAssd+BwCBOIC557fAsQgV0v/p+HCpbSwCcwKHFwEY9ICdR2CCsR2uFw 1amtFHA_0001
L/UrDChVOU/jX6WKwrcAECFXPSA0xL9Mwc9wECNdTy+Ty2pOwSM4ECpbS8+zz3nQwKc1ECR0ikB0colMwhrHFCxgAHCkEDSPwaRGEChrHRCkYQwKwwfCECd9oIAkYQwIwjsFDCVNehAU6mEOwnEzFC989TBklDtLwyLtFCFDCkC0d++OwShrFCpZmhBkuJRQwMdLECBqGPCkYQIQwJGsECxKHuCUMIgKwxgIDC13PZCU3koLwcS8DCtHFCCE99zIw 1amtFHA_0001
LfUAECNHaR/bPKMQw++5CC5kYoAc3kAQwGEoBC9S30/LFuePw14dACZmZeAc2O/PwoFpECZ5QL/Lpw1Owue0CCdnvPBc465QwgqJDC9mETBMVjXOw 1amtFHA_0001
Lx1jBCFDCM9rnvfOwWOUAC1isd2TNe5NwFuGACJaRW9DueMQwQgV+BNzMj/TLyGQwlYgAC1NJG+zLdjLwO0i+Bdnvv/T46xKwsHV8BBW5w9jQg1Jwb8S/BRhr3AkX6mIwHaZCCJEYl6LZ78Nw03/+BRLyW8rTiRNw35zACpGv07TzMzJwYlTBCR2Of/DYlDMw99z9BNdTaAU46hMwT3k6BFYlD/jpbSJwMdz7BViBB6zbScLwvJB9BViBB7D/pGIwO0i9B13PdB0w1DIwW5AAC99TVAkWktFwMdbACFXPiBkmZWJw 1amtFHA_0001
L78t8BpZmJ+DT38SwlDd6BZmZG8zNJuTw5lO4B5QLy6DpwtSwFu+1BtyhW8z0NRTwgVe7BJbnP9bHaRUwcSc+B99Tt87IbPUwnv/+B12573jnv/Sw4ku8Bl5bI+THR9Swepr5B9mET+z1jiUwDXv6BFsyR/rTipTwDCs6BBBW59bjXSVw3kY/BR14V/rBBOUwy2J/B13P14LsyJVw7RB/BFDCM8757HSwdodACNJGk8jmZGTw 1amtFHA_0001
LO0i4Bdnvf0zFZjRw/pG2BRf/U3LrcoQwue00BlCXf+TPKsQwkCXyBJxgg+jnvPQwsH12BZmZm7rmZWOw6mU0BNJGE87eUoMw14V4BNdTi/bxgQOwJGU6BpbSM4rtzHRw8Sn0Bdnvf9rYQ4QwEYF4BVMIw6TdTiNwuz30BVO0C9bf/kKwx1TzBR14l7TIwqMwqG/yB1hWk+LXPaNwmZ24B5kYAA8bSMMw14F3B125jA83PFPwU4K6BRhrX/rqxbPw 1amtFHA_0001
LR2uuBJGEY/TxgITwKcttB1MzM8D997TwXkdsBd9oQ8LDCMTwpwFrB5QLy+rvfqTwIF+vBhVO00b46xUwXkNxBhWkt9jTixVwb8SvBtxLt+zyh2WwgqxtB557H8zFZTXwzhWvBdSMgAUgVOXwfUowBJbnP/zGv0SwBr8rBpvfq9zjCfUwYljxBRgVO7757HUwIFOvBZmZm9LpwVVwoF5xBJGEo/TwKPVwNz8yBpvfq7TLyOWw 1amtFHA_0001
L4PFtBhVO08Lue0RwgV+rBdnvf/bKc9QwvJxpBFtIL+b0iMQwR2eoBVO0y/7OfvOwktTpBdnvf2T2OXQw99DuBlBBWA8JxAQwGZbwBJwK/A8istQwrcovBNIwGCsoFhRwaRWuBVMIkC8z3/QwQ1YwBtIbHC81jySwQgVuBJaR22b14VRwwKHrBJv0lAMBWhRwT30uBJGEI/bKctOwuzHtBZmZGBciBxOwWOUxBlDtQAMBWZRwoF5xBFCsSBcep7PwU46vBBrcgCcbnXTwGZbxBR14dBsU4KTw 1amtFHA_0001
